# Bake Begins!
### (1 of 6) Copy sources
$ cp -a /home/travis/build/fontdirectory/droidsansthai/METADATA.json /home/travis/build/fontdirectory/droidsansthai/builds/build
$ cp -a /home/travis/build/fontdirectory/droidsansthai/DESCRIPTION.en_us.html /home/travis/build/fontdirectory/droidsansthai/builds/build
$ cp -a DroidSansThai-Regular.ttf.ttx DroidSansThai-Bold.ttf.ttx DroidSansThai-Regular.ttf._p_r_e_p.ttx DroidSansThai-Regular.ttf._p_o_s_t.ttx DroidSansThai-Regular.ttf._n_a_m_e.ttx DroidSansThai-Regular.ttf._m_a_x_p.ttx DroidSansThai-Regular.ttf._l_o_c_a.ttx DroidSansThai-Regular.ttf._h_m_t_x.ttx DroidSansThai-Regular.ttf._h_h_e_a.ttx DroidSansThai-Regular.ttf._h_e_a_d.ttx DroidSansThai-Regular.ttf._h_d_m_x.ttx DroidSansThai-Regular.ttf._g_l_y_f.ttx DroidSansThai-Regular.ttf._g_a_s_p.ttx DroidSansThai-Regular.ttf._f_p_g_m.ttx DroidSansThai-Regular.ttf._c_v_t.ttx DroidSansThai-Regular.ttf._c_m_a_p.ttx DroidSansThai-Regular.ttf.O_S_2f_2.ttx DroidSansThai-Regular.ttf.L_T_S_H_.ttx DroidSansThai-Regular.ttf.GlyphOrder.ttx DroidSansThai-Regular.ttf.G_S_U_B_.ttx DroidSansThai-Regular.ttf.G_P_O_S_.ttx DroidSansThai-Regular.ttf.G_D_E_F_.ttx DroidSansThai-Bold.ttf._p_r_e_p.ttx DroidSansThai-Bold.ttf._p_o_s_t.ttx DroidSansThai-Bold.ttf._n_a_m_e.ttx DroidSansThai-Bold.ttf._m_a_x_p.ttx DroidSansThai-Bold.ttf._l_o_c_a.ttx DroidSansThai-Bold.ttf._h_m_t_x.ttx DroidSansThai-Bold.ttf._h_h_e_a.ttx DroidSansThai-Bold.ttf._h_e_a_d.ttx DroidSansThai-Bold.ttf._g_l_y_f.ttx DroidSansThai-Bold.ttf._g_a_s_p.ttx DroidSansThai-Bold.ttf._f_p_g_m.ttx DroidSansThai-Bold.ttf._c_v_t.ttx DroidSansThai-Bold.ttf._c_m_a_p.ttx DroidSansThai-Bold.ttf.O_S_2f_2.ttx DroidSansThai-Bold.ttf.GlyphOrder.ttx DroidSansThai-Bold.ttf.G_S_U_B_.ttx DroidSansThai-Bold.ttf.G_P_O_S_.ttx DroidSansThai-Bold.ttf.G_D_E_F_.ttx /home/travis/build/fontdirectory/droidsansthai/builds/build/sources
### (2 of 6) pyfontaine
### (3 of 6) Run upstream tests
$ fontbakery-check.py upstream-repo sources
$ fontaine --collections subsets --text /home/travis/build/fontdirectory/droidsansthai/builds/build/sources/DroidSansThai-Bold.ttf.ttx /home/travis/build/fontdirectory/droidsansthai/builds/build/sources/DroidSansThai-Regular.ttf.ttx > fontaine.txt
WARNING: Please install [PyICU](https://pypi.python.org/pypi/PyICU) toenable [feature], perhaps with: pip install pyicu
end of pyfontaine process
bakery_lint.tests.upstream.test_prepolation.FontTestPrepolation.test_font_prepolation_glyph_contours(): OK
bakery_lint.tests.upstream.test_prepolation.FontTestPrepolation.test_font_prepolation_glyph_points(): OK
bakery_lint.tests.upstream.test_prepolation.FontTestPrepolation.test_font_test_prepolation_glyph_names(): OK
bakery_lint.tests.upstream.test_diacritic.TestDiacritic.test_diacritic_made_as_component(): OK
bakery_lint.tests.upstream.test_diacritic.TestDiacritic.test_diacritic_made_as_mark_to_mark(): OK
bakery_lint.tests.upstream.test_diacritic.TestDiacritic.test_diacritic_made_as_own_glyphs(): OK
bakery_lint.tests.upstream.test_check_upstream_sources.ProjectUpstreamTestCase.test_bakery_yaml_exists(): OK
bakery_lint.tests.upstream.test_check_upstream_sources.ProjectUpstreamTestCase.test_copyright_notices_same_across_family(): OK
bakery_lint.tests.upstream.test_check_upstream_sources.ProjectUpstreamTestCase.test_description_html_exists(): OK
bakery_lint.tests.upstream.test_check_upstream_sources.ProjectUpstreamTestCase.test_fontlog_txt_exists(): FAIL
bakery_lint.tests.upstream.test_check_upstream_sources.ProjectUpstreamTestCase.test_metadata_json_exists(): OK
$ fontbakery-check.py upstream-ttx DroidSansThai-Bold.ttf.ttx
bakery_lint.tests.upstream.test_glyphname_does_not_contain_disallowed_chars.TestGlyphNameDoesNotContainsDisallowedChars.test_glyphname_does_not_contain_disallowed_chars(): OK
bakery_lint.tests.upstream.test_font_filename_eq_familystyle.TestTTFSourceFontFileNameEqualsFamilyStyle.test_source_ttf_font_filename_equals_familystyle(): FAIL
$ mv /home/travis/build/fontdirectory/droidsansthai/builds/build/sources/DroidSansThai-Bold.ttf.ttx /home/travis/build/fontdirectory/droidsansthai/builds/build/sources/DroidSansThai-Bold.ttx
bakery_lint.tests.upstream.test_font_filename_eq_familystyle.TestTTFSourceFontFileNameEqualsFamilyStyle.test_source_ttf_font_filename_equals_familystyle(): OK
bakery_lint.tests.upstream.test_check_ttx_requirements.SourceTTXTest.test_epar_in_keys(): FAIL
bakery_lint.tests.upstream.test_check_ttx_requirements.SourceTTXTest.test_os2_in_keys(): OK
bakery_lint.tests.upstream.test_check_ttx_requirements.SourceTTXTest.test_ttx_doesnt_contain_duplicate_glyphs(): OK
bakery_lint.tests.upstream.test_check_ttx_fontfamily_recommendations.TTX_FontFamilyNamingTest.test_ttx_family_naming_recommendation(): FAIL
$ fontbakery-check.py upstream-ttx DroidSansThai-Regular.ttf.ttx
bakery_lint.tests.upstream.test_glyphname_does_not_contain_disallowed_chars.TestGlyphNameDoesNotContainsDisallowedChars.test_glyphname_does_not_contain_disallowed_chars(): OK
bakery_lint.tests.upstream.test_font_filename_eq_familystyle.TestTTFSourceFontFileNameEqualsFamilyStyle.test_source_ttf_font_filename_equals_familystyle(): FAIL
$ mv /home/travis/build/fontdirectory/droidsansthai/builds/build/sources/DroidSansThai-Regular.ttf.ttx /home/travis/build/fontdirectory/droidsansthai/builds/build/sources/DroidSansThai-Regular.ttx
bakery_lint.tests.upstream.test_font_filename_eq_familystyle.TestTTFSourceFontFileNameEqualsFamilyStyle.test_source_ttf_font_filename_equals_familystyle(): OK
bakery_lint.tests.upstream.test_check_ttx_requirements.SourceTTXTest.test_epar_in_keys(): FAIL
bakery_lint.tests.upstream.test_check_ttx_requirements.SourceTTXTest.test_os2_in_keys(): OK
bakery_lint.tests.upstream.test_check_ttx_requirements.SourceTTXTest.test_ttx_doesnt_contain_duplicate_glyphs(): OK
bakery_lint.tests.upstream.test_check_ttx_fontfamily_recommendations.TTX_FontFamilyNamingTest.test_ttx_family_naming_recommendation(): FAIL
### (4 of 6) Convert sources to TTF
$ ttx -d /home/travis/build/fontdirectory/droidsansthai/builds/build /home/travis/build/fontdirectory/droidsansthai/builds/build/sources/DroidSansThai-Regular.ttx /home/travis/build/fontdirectory/droidsansthai/builds/build/sources/DroidSansThai-Bold.ttx
Compiling "/home/travis/build/fontdirectory/droidsansthai/builds/build/sources/DroidSansThai-Regular.ttx" to "/home/travis/build/fontdirectory/droidsansthai/builds/build/DroidSansThai-Regular.ttf"...
Parsing 'GlyphOrder' table...
Parsing 'head' table...
Parsing 'hhea' table...
Parsing 'maxp' table...
Parsing 'OS/2' table...
Parsing 'hmtx' table...
Parsing 'LTSH' table...
Parsing 'hdmx' table...
Parsing 'cmap' table...
Parsing 'fpgm' table...
Parsing 'prep' table...
Parsing 'cvt ' table...
Parsing 'loca' table...
Parsing 'glyf' table...
Parsing 'name' table...
Parsing 'post' table...
Parsing 'gasp' table...
Parsing 'GDEF' table...
Parsing 'GPOS' table...
Parsing 'GSUB' table...
Compiling "/home/travis/build/fontdirectory/droidsansthai/builds/build/sources/DroidSansThai-Bold.ttx" to "/home/travis/build/fontdirectory/droidsansthai/builds/build/DroidSansThai-Bold.ttf"...
Parsing 'GlyphOrder' table...
Parsing 'head' table...
Parsing 'hhea' table...
Parsing 'maxp' table...
Parsing 'OS/2' table...
Parsing 'hmtx' table...
Parsing 'cmap' table...
Parsing 'fpgm' table...
Parsing 'prep' table...
Parsing 'cvt ' table...
Parsing 'loca' table...
Parsing 'glyf' table...
Parsing 'name' table...
Parsing 'post' table...
Parsing 'gasp' table...
Parsing 'GDEF' table...
Parsing 'GPOS' table...
Parsing 'GSUB' table...
### Test DroidSansThai-Regular.ttf
$ fontbakery-check.py result DroidSansThai-Regular.ttf
bakery_lint.tests.downstream.test_names_are_ascii_only.CheckNamesAreASCIIOnly.test_check_names_are_ascii_only(): FAIL
$ fontbakery-fix-ascii-fontmetadata.py /home/travis/build/fontdirectory/droidsansthai/builds/build/DroidSansThai-Regular.ttf
$ mv /home/travis/build/fontdirectory/droidsansthai/builds/build/DroidSansThai-Regular.ttf.fix /home/travis/build/fontdirectory/droidsansthai/builds/build/DroidSansThai-Regular.ttf
bakery_lint.tests.downstream.test_names_are_ascii_only.CheckNamesAreASCIIOnly.test_check_names_are_ascii_only(): OK
bakery_lint.tests.downstream.test_gpos_table_has_kerning_info.CheckGposTableHasKerningInfo.test_gpos_table_has_kerning_info(): FAIL
bakery_lint.tests.downstream.test_gasp_table_value.CheckGaspTableType.test_check_gasp_table_type(): OK
$ fontbakery-fix-gasp.py --set=15 /home/travis/build/fontdirectory/droidsansthai/builds/build/DroidSansThai-Regular.ttf
$ mv /home/travis/build/fontdirectory/droidsansthai/builds/build/DroidSansThai-Regular.ttf.fix /home/travis/build/fontdirectory/droidsansthai/builds/build/DroidSansThai-Regular.ttf
The following table(s) in the font have been ignored by FontForge
  Ignoring 'LTSH' linear threshold table
  Ignoring 'hdmx' horizontal device metrics table
bakery_lint.tests.downstream.test_fontforge_validation_state.FontForgeValidateStateTest.test_allowed_numbers_paths_in_composite_glyphs(): OK
bakery_lint.tests.downstream.test_fontforge_validation_state.FontForgeValidateStateTest.test_allowed_numbers_paths_in_glyphs(): OK
bakery_lint.tests.downstream.test_fontforge_validation_state.FontForgeValidateStateTest.test_allowed_numbers_points_in_composite_glyphs(): OK
bakery_lint.tests.downstream.test_fontforge_validation_state.FontForgeValidateStateTest.test_allowed_numbers_points_in_glyphs(): OK
bakery_lint.tests.downstream.test_fontforge_validation_state.FontForgeValidateStateTest.test_duplicate_glyphs(): OK
bakery_lint.tests.downstream.test_fontforge_validation_state.FontForgeValidateStateTest.test_duplicate_unicode_codepoints(): OK
bakery_lint.tests.downstream.test_fontforge_validation_state.FontForgeValidateStateTest.test_flipped_reference_in_glyphs(): OK
bakery_lint.tests.downstream.test_fontforge_validation_state.FontForgeValidateStateTest.test_missing_anchors(): OK
bakery_lint.tests.downstream.test_fontforge_validation_state.FontForgeValidateStateTest.test_missing_extrema_in_glyphs(): FAIL
bakery_lint.tests.downstream.test_fontforge_validation_state.FontForgeValidateStateTest.test_overlapped_hints(): OK
bakery_lint.tests.downstream.test_fontforge_validation_state.FontForgeValidateStateTest.test_points_are_integer_aligned(): OK
bakery_lint.tests.downstream.test_fontforge_validation_state.FontForgeValidateStateTest.test_points_are_not_too_far_apart(): OK
bakery_lint.tests.downstream.test_fontforge_validation_state.FontForgeValidateStateTest.test_postscript_hasnt_limit_hints_in_glyphs(): OK
bakery_lint.tests.downstream.test_fontforge_validation_state.FontForgeValidateStateTest.test_postscript_hasnt_limit_points_in_glyphs(): OK
bakery_lint.tests.downstream.test_fontforge_validation_state.FontForgeValidateStateTest.test_referenced_glyphs_are_present(): OK
bakery_lint.tests.downstream.test_fontforge_validation_state.FontForgeValidateStateTest.test_valid_glyph_names(): OK
bakery_lint.tests.downstream.test_fontforge_validation_state.FontForgeValidateStateTest.test_valid_length_instructions(): OK
bakery_lint.tests.downstream.test_fontforge_validation_state.FontForgeValidateStateTest.test_validation_glyph_intersect(): OK
bakery_lint.tests.downstream.test_fontforge_validation_state.FontForgeValidateStateTest.test_validation_open_contours(): OK
bakery_lint.tests.downstream.test_fontforge_validation_state.FontForgeValidateStateTest.test_wrong_direction_in_glyphs(): OK
bakery_lint.tests.downstream.test_check_vertical_metrics.CheckVerticalLinegapMetrics.test_metrics_linegaps_are_zero(): FAIL
$ fontbakery-fix-vertical-metrics.py --autofix /home/travis/build/fontdirectory/droidsansthai/builds/build/DroidSansThai-Regular.ttf /home/travis/build/fontdirectory/droidsansthai/builds/build/DroidSansThai-Bold.ttf
$ mv /home/travis/build/fontdirectory/droidsansthai/builds/build/DroidSansThai-Regular.ttf.fix /home/travis/build/fontdirectory/droidsansthai/builds/build/DroidSansThai-Regular.ttf
$ mv /home/travis/build/fontdirectory/droidsansthai/builds/build/DroidSansThai-Bold.ttf.fix /home/travis/build/fontdirectory/droidsansthai/builds/build/DroidSansThai-Bold.ttf
$ fontbakery-fix-vertical-metrics.py /home/travis/build/fontdirectory/droidsansthai/builds/build/DroidSansThai-Regular.ttf /home/travis/build/fontdirectory/droidsansthai/builds/build/DroidSansThai-Bold.ttf
Parameter              DroidSansThai-Regular.ttf    DroidSansThai-Bold.ttf    
ymax                   2285                         2286                      
hhea.ascent            2286                         2286                      
OS/2.sTypoAscender     2286                         2286                      
OS/2.usWinAscent       2286                         2286                      
ymin                   -524                         -524                      
hhea.descent           -524                         -524                      
OS/2.sTypoDescender    -524                         -524                      
OS/2.usWinDescent      524                          524                       
hhea.lineGap           0                            0                         
OS/2.sTypoLineGap      0                            0                         
hhea total             2810                         2810                      
typo total             2810                         2810                      
win total              2810                         2810                      
UPM:Heights            2048:2809                    2048:2810                 
UPM:Heights %          137 %                        137 %                     


bakery_lint.tests.downstream.test_check_vertical_metrics.CheckVerticalLinegapMetrics.test_metrics_linegaps_are_zero(): OK
bakery_lint.tests.downstream.test_check_vertical_metrics.CheckVerticalAscentMetrics.test_metrics_ascents_equal_bbox(): OK
bakery_lint.tests.downstream.test_check_vertical_metrics.CheckVerticalDescentMetrics.test_metrics_descents_equal_bbox(): OK
bakery_lint.tests.downstream.test_check_upm_heights_less_120.TestCheckUPMHeightsLess120.test_check_upm_heigths_less_120(): FAIL
bakery_lint.tests.downstream.test_check_unused_glyph_data.CheckUnusedGlyphData.test_check_unused_glyph_data(): ERROR
bakery_lint.tests.downstream.test_check_unencoded_glyph.TestFontUnencodedGlyph.test_font_unencoded_glyphs(): FAIL
$ fontbakery-fix-glyph-private-encoding.py --autofix /home/travis/build/fontdirectory/droidsansthai/builds/build/DroidSansThai-Regular.ttf
$ mv /home/travis/build/fontdirectory/droidsansthai/builds/build/DroidSansThai-Regular.ttf.fix /home/travis/build/fontdirectory/droidsansthai/builds/build/DroidSansThai-Regular.ttf
bakery_lint.tests.downstream.test_check_unencoded_glyph.TestFontUnencodedGlyph.test_font_unencoded_glyphs(): FAIL
bakery_lint.tests.downstream.test_check_panose_identification.CheckPanoseIdentification.test_check_panose_identification(): OK
bakery_lint.tests.downstream.test_check_os2_width_class.CheckOS2WidthClass.test_check_os2_width_class(): OK
bakery_lint.tests.downstream.test_check_no_problematic_formats.CheckNoProblematicFormats.test_check_no_problematic_formats(): OK
bakery_lint.tests.downstream.test_check_nbsp_width_matches_sp_width.CheckNbspWidthMatchesSpWidth.test_check_nbsp_width_matches_sp_width(): FAIL
$ fontbakery-fix-nbsp.py /home/travis/build/fontdirectory/droidsansthai/builds/build/DroidSansThai-Regular.ttf
$ mv /home/travis/build/fontdirectory/droidsansthai/builds/build/DroidSansThai-Regular.ttf.fix /home/travis/build/fontdirectory/droidsansthai/builds/build/DroidSansThai-Regular.ttf
bakery_lint.tests.downstream.test_check_nbsp_width_matches_sp_width.CheckNbspWidthMatchesSpWidth.test_check_nbsp_width_matches_sp_width(): FAIL
bakery_lint.tests.downstream.test_check_names_same_across_platforms.CheckNamesSameAcrossPlatforms.test_check_names_same_across_platforms(): OK
bakery_lint.tests.downstream.test_check_name_table_recommendation.CheckStyleNameRecommendation.test_check_stylename_is_under_recommendations(): OK
bakery_lint.tests.downstream.test_check_name_table_recommendation.CheckOTFamilyNameRecommendation.test_check_opentype_familyname(): FAIL
$ fontbakery-fix-opentype-names.py /home/travis/build/fontdirectory/droidsansthai/builds/build/DroidSansThai-Regular.ttf
$ mv /home/travis/build/fontdirectory/droidsansthai/builds/build/DroidSansThai-Regular.ttf.fix /home/travis/build/fontdirectory/droidsansthai/builds/build/DroidSansThai-Regular.ttf
bakery_lint.tests.downstream.test_check_name_table_recommendation.CheckOTFamilyNameRecommendation.test_check_opentype_familyname(): OK
bakery_lint.tests.downstream.test_check_name_table_recommendation.CheckOTStyleNameRecommendation.test_check_opentype_stylename(): OK
bakery_lint.tests.downstream.test_check_name_table_recommendation.CheckOTFullNameRecommendation.test_check_opentype_fullname(): OK
bakery_lint.tests.downstream.test_check_magic_prep_code.CheckMagicPREPByteCode.test_prep_magic_code(): FAIL
bakery_lint.tests.downstream.test_check_license_included.CheckLicenseIncluded.test_license_included_in_font_names(): OK
bakery_lint.tests.downstream.test_check_italic_angle_agreement.CheckItalicAngleAgreement.test_check_italic_angle_agreement(): OK
bakery_lint.tests.downstream.test_check_hmtx_hhea_max_advance_width_agreement.CheckHmtxHheaMaxAdvanceWidthAgreement.test_check_hmtx_hhea_max_advance_width_agreement(): OK
bakery_lint.tests.downstream.test_check_glyph_existence.CheckGlyphExistence.test_euro(): FAIL
bakery_lint.tests.downstream.test_check_glyph_existence.CheckGlyphExistence.test_nbsp(): OK
bakery_lint.tests.downstream.test_check_glyph_existence.CheckGlyphExistence.test_space(): OK
bakery_lint.tests.downstream.test_check_glyf_table_length.CheckGlyfTableLength.test_check_glyf_table_length(): FAIL
bakery_lint.tests.downstream.test_check_full_font_name_begins_with_family_name.CheckFullFontNameBeginsWithFamilyName.test_check_full_font_name_begins_with_family_name(): OK
bakery_lint.tests.downstream.test_check_fontname_matches_macstyle.CheckFontNameEqualToMacStyleFlags.test_fontname_is_equal_to_macstyle(): FAIL
bakery_lint.tests.downstream.test_check_font_tables.CheckFontHasDsigTable.test_check_font_has_dsig_table(): FAIL
$ fontbakery-fix-dsig.py /home/travis/build/fontdirectory/droidsansthai/builds/build/DroidSansThai-Regular.ttf
$ mv /home/travis/build/fontdirectory/droidsansthai/builds/build/DroidSansThai-Regular.ttf.fix /home/travis/build/fontdirectory/droidsansthai/builds/build/DroidSansThai-Regular.ttf
bakery_lint.tests.downstream.test_check_font_tables.CheckFontHasDsigTable.test_check_font_has_dsig_table(): OK
bakery_lint.tests.downstream.test_check_font_tables.CheckFontHasNotKernTable.test_no_kern_table_exists(): OK
bakery_lint.tests.downstream.test_check_font_agreements.CheckFsTypeIsNotSet.test_is_fstype_not_set(): FAIL
$ fontbakery-fix-fstype.py --autofix /home/travis/build/fontdirectory/droidsansthai/builds/build/DroidSansThai-Regular.ttf
$ mv /home/travis/build/fontdirectory/droidsansthai/builds/build/DroidSansThai-Regular.ttf.fix /home/travis/build/fontdirectory/droidsansthai/builds/build/DroidSansThai-Regular.ttf
bakery_lint.tests.downstream.test_check_font_agreements.CheckFsTypeIsNotSet.test_is_fstype_not_set(): OK
$ fontbakery-fix-fstype.py --autofix /home/travis/build/fontdirectory/droidsansthai/builds/build/DroidSansThai-Regular.ttf
$ mv /home/travis/build/fontdirectory/droidsansthai/builds/build/DroidSansThai-Regular.ttf.fix /home/travis/build/fontdirectory/droidsansthai/builds/build/DroidSansThai-Regular.ttf
bakery_lint.tests.downstream.test_check_font_agreements.CheckFontAgreements.test_em_is_1000(): FAIL
bakery_lint.tests.downstream.test_check_font_agreements.CheckFontAgreements.test_file_is_font(): OK
bakery_lint.tests.downstream.test_check_font_agreements.CheckFontAgreements.test_font_is_font(): OK
bakery_lint.tests.downstream.test_check_font_agreements.CheckFontAgreements.test_latin_file_exists(): FAIL
### Optimize TTF DroidSansThai-Regular.ttf
$ ls -l 'DroidSansThai-Regular.ttf'* # look at the size savings of that subset process
DroidSansThai-Regular.ttf.opt: 34088 bytes
DroidSansThai-Regular.ttf: 35588 bytes
$ mv /home/travis/build/fontdirectory/droidsansthai/builds/build/DroidSansThai-Regular.ttf.opt /home/travis/build/fontdirectory/droidsansthai/builds/build/DroidSansThai-Regular.ttf
### Autohint TTFs (ttfautohint) DroidSansThai-Regular.ttf
$ ttfautohint -l 7 -r 28 -G 50 -x 13 -w "G" /home/travis/build/fontdirectory/droidsansthai/builds/build/DroidSansThai-Regular.ttf '/home/travis/build/fontdirectory/droidsansthai/builds/build/DroidSansThai-Regular.autohint.ttf'

Error: No glyph for a standard character to derive standard width and height.

Error: Please check the documentation for a list of script-specific standard characters,

Error: or use option `--symbol'.

Fatal: Exited with return code 1 

### Subset TTFs (pyftsubset) DroidSansThai-Regular.ttf
$ pyftsubset DroidSansThai-Regular.latin
$ pyftsubset DroidSansThai-Regular.menu
strippedname:/home/travis/build/fontdirectory/droidsansthai/builds/build/DroidSansThai-Regular.ttf
No nbsp glyph
spaceWidth is    532
nbspWidth is     0
DroidSansThai-Regular.ttf.fix made with spaceWidth and nbspWidth of 532
### Test DroidSansThai-Bold.ttf
$ fontbakery-check.py result DroidSansThai-Bold.ttf
bakery_lint.tests.downstream.test_names_are_ascii_only.CheckNamesAreASCIIOnly.test_check_names_are_ascii_only(): FAIL
$ fontbakery-fix-ascii-fontmetadata.py /home/travis/build/fontdirectory/droidsansthai/builds/build/DroidSansThai-Bold.ttf
$ mv /home/travis/build/fontdirectory/droidsansthai/builds/build/DroidSansThai-Bold.ttf.fix /home/travis/build/fontdirectory/droidsansthai/builds/build/DroidSansThai-Bold.ttf
bakery_lint.tests.downstream.test_names_are_ascii_only.CheckNamesAreASCIIOnly.test_check_names_are_ascii_only(): OK
bakery_lint.tests.downstream.test_gpos_table_has_kerning_info.CheckGposTableHasKerningInfo.test_gpos_table_has_kerning_info(): FAIL
bakery_lint.tests.downstream.test_gasp_table_value.CheckGaspTableType.test_check_gasp_table_type(): OK
$ fontbakery-fix-gasp.py --set=15 /home/travis/build/fontdirectory/droidsansthai/builds/build/DroidSansThai-Bold.ttf
$ mv /home/travis/build/fontdirectory/droidsansthai/builds/build/DroidSansThai-Bold.ttf.fix /home/travis/build/fontdirectory/droidsansthai/builds/build/DroidSansThai-Bold.ttf
bakery_lint.tests.downstream.test_fontforge_validation_state.FontForgeValidateStateTest.test_allowed_numbers_paths_in_composite_glyphs(): OK
bakery_lint.tests.downstream.test_fontforge_validation_state.FontForgeValidateStateTest.test_allowed_numbers_paths_in_glyphs(): OK
bakery_lint.tests.downstream.test_fontforge_validation_state.FontForgeValidateStateTest.test_allowed_numbers_points_in_composite_glyphs(): OK
bakery_lint.tests.downstream.test_fontforge_validation_state.FontForgeValidateStateTest.test_allowed_numbers_points_in_glyphs(): OK
bakery_lint.tests.downstream.test_fontforge_validation_state.FontForgeValidateStateTest.test_duplicate_glyphs(): OK
bakery_lint.tests.downstream.test_fontforge_validation_state.FontForgeValidateStateTest.test_duplicate_unicode_codepoints(): OK
bakery_lint.tests.downstream.test_fontforge_validation_state.FontForgeValidateStateTest.test_flipped_reference_in_glyphs(): OK
bakery_lint.tests.downstream.test_fontforge_validation_state.FontForgeValidateStateTest.test_missing_anchors(): OK
bakery_lint.tests.downstream.test_fontforge_validation_state.FontForgeValidateStateTest.test_missing_extrema_in_glyphs(): FAIL
bakery_lint.tests.downstream.test_fontforge_validation_state.FontForgeValidateStateTest.test_overlapped_hints(): OK
bakery_lint.tests.downstream.test_fontforge_validation_state.FontForgeValidateStateTest.test_points_are_integer_aligned(): OK
bakery_lint.tests.downstream.test_fontforge_validation_state.FontForgeValidateStateTest.test_points_are_not_too_far_apart(): OK
bakery_lint.tests.downstream.test_fontforge_validation_state.FontForgeValidateStateTest.test_postscript_hasnt_limit_hints_in_glyphs(): OK
bakery_lint.tests.downstream.test_fontforge_validation_state.FontForgeValidateStateTest.test_postscript_hasnt_limit_points_in_glyphs(): OK
bakery_lint.tests.downstream.test_fontforge_validation_state.FontForgeValidateStateTest.test_referenced_glyphs_are_present(): OK
bakery_lint.tests.downstream.test_fontforge_validation_state.FontForgeValidateStateTest.test_valid_glyph_names(): OK
bakery_lint.tests.downstream.test_fontforge_validation_state.FontForgeValidateStateTest.test_valid_length_instructions(): OK
bakery_lint.tests.downstream.test_fontforge_validation_state.FontForgeValidateStateTest.test_validation_glyph_intersect(): OK
bakery_lint.tests.downstream.test_fontforge_validation_state.FontForgeValidateStateTest.test_validation_open_contours(): OK
bakery_lint.tests.downstream.test_fontforge_validation_state.FontForgeValidateStateTest.test_wrong_direction_in_glyphs(): OK
bakery_lint.tests.downstream.test_check_vertical_metrics.CheckVerticalLinegapMetrics.test_metrics_linegaps_are_zero(): ERROR
bakery_lint.tests.downstream.test_check_vertical_metrics.CheckVerticalAscentMetrics.test_metrics_ascents_equal_bbox(): ERROR
bakery_lint.tests.downstream.test_check_vertical_metrics.CheckVerticalDescentMetrics.test_metrics_descents_equal_bbox(): ERROR
bakery_lint.tests.downstream.test_check_upm_heights_less_120.TestCheckUPMHeightsLess120.test_check_upm_heigths_less_120(): FAIL
bakery_lint.tests.downstream.test_check_unused_glyph_data.CheckUnusedGlyphData.test_check_unused_glyph_data(): ERROR
bakery_lint.tests.downstream.test_check_unencoded_glyph.TestFontUnencodedGlyph.test_font_unencoded_glyphs(): FAIL
$ fontbakery-fix-glyph-private-encoding.py --autofix /home/travis/build/fontdirectory/droidsansthai/builds/build/DroidSansThai-Bold.ttf
$ mv /home/travis/build/fontdirectory/droidsansthai/builds/build/DroidSansThai-Bold.ttf.fix /home/travis/build/fontdirectory/droidsansthai/builds/build/DroidSansThai-Bold.ttf
bakery_lint.tests.downstream.test_check_unencoded_glyph.TestFontUnencodedGlyph.test_font_unencoded_glyphs(): FAIL
bakery_lint.tests.downstream.test_check_panose_identification.CheckPanoseIdentification.test_check_panose_identification(): OK
bakery_lint.tests.downstream.test_check_os2_width_class.CheckOS2WidthClass.test_check_os2_width_class(): OK
bakery_lint.tests.downstream.test_check_no_problematic_formats.CheckNoProblematicFormats.test_check_no_problematic_formats(): OK
bakery_lint.tests.downstream.test_check_nbsp_width_matches_sp_width.CheckNbspWidthMatchesSpWidth.test_check_nbsp_width_matches_sp_width(): FAIL
$ fontbakery-fix-nbsp.py /home/travis/build/fontdirectory/droidsansthai/builds/build/DroidSansThai-Bold.ttf
$ mv /home/travis/build/fontdirectory/droidsansthai/builds/build/DroidSansThai-Bold.ttf.fix /home/travis/build/fontdirectory/droidsansthai/builds/build/DroidSansThai-Bold.ttf
bakery_lint.tests.downstream.test_check_nbsp_width_matches_sp_width.CheckNbspWidthMatchesSpWidth.test_check_nbsp_width_matches_sp_width(): FAIL
bakery_lint.tests.downstream.test_check_names_same_across_platforms.CheckNamesSameAcrossPlatforms.test_check_names_same_across_platforms(): OK
bakery_lint.tests.downstream.test_check_name_table_recommendation.CheckStyleNameRecommendation.test_check_stylename_is_under_recommendations(): OK
bakery_lint.tests.downstream.test_check_name_table_recommendation.CheckOTFamilyNameRecommendation.test_check_opentype_familyname(): FAIL
$ fontbakery-fix-opentype-names.py /home/travis/build/fontdirectory/droidsansthai/builds/build/DroidSansThai-Bold.ttf
$ mv /home/travis/build/fontdirectory/droidsansthai/builds/build/DroidSansThai-Bold.ttf.fix /home/travis/build/fontdirectory/droidsansthai/builds/build/DroidSansThai-Bold.ttf
bakery_lint.tests.downstream.test_check_name_table_recommendation.CheckOTFamilyNameRecommendation.test_check_opentype_familyname(): OK
bakery_lint.tests.downstream.test_check_name_table_recommendation.CheckOTStyleNameRecommendation.test_check_opentype_stylename(): OK
bakery_lint.tests.downstream.test_check_name_table_recommendation.CheckOTFullNameRecommendation.test_check_opentype_fullname(): OK
bakery_lint.tests.downstream.test_check_magic_prep_code.CheckMagicPREPByteCode.test_prep_magic_code(): FAIL
bakery_lint.tests.downstream.test_check_license_included.CheckLicenseIncluded.test_license_included_in_font_names(): OK
bakery_lint.tests.downstream.test_check_italic_angle_agreement.CheckItalicAngleAgreement.test_check_italic_angle_agreement(): OK
bakery_lint.tests.downstream.test_check_hmtx_hhea_max_advance_width_agreement.CheckHmtxHheaMaxAdvanceWidthAgreement.test_check_hmtx_hhea_max_advance_width_agreement(): OK
bakery_lint.tests.downstream.test_check_glyph_existence.CheckGlyphExistence.test_euro(): FAIL
bakery_lint.tests.downstream.test_check_glyph_existence.CheckGlyphExistence.test_nbsp(): OK
bakery_lint.tests.downstream.test_check_glyph_existence.CheckGlyphExistence.test_space(): OK
bakery_lint.tests.downstream.test_check_glyf_table_length.CheckGlyfTableLength.test_check_glyf_table_length(): FAIL
bakery_lint.tests.downstream.test_check_full_font_name_begins_with_family_name.CheckFullFontNameBeginsWithFamilyName.test_check_full_font_name_begins_with_family_name(): OK
bakery_lint.tests.downstream.test_check_fontname_matches_macstyle.CheckFontNameEqualToMacStyleFlags.test_fontname_is_equal_to_macstyle(): FAIL
bakery_lint.tests.downstream.test_check_font_tables.CheckFontHasDsigTable.test_check_font_has_dsig_table(): FAIL
$ fontbakery-fix-dsig.py /home/travis/build/fontdirectory/droidsansthai/builds/build/DroidSansThai-Bold.ttf
$ mv /home/travis/build/fontdirectory/droidsansthai/builds/build/DroidSansThai-Bold.ttf.fix /home/travis/build/fontdirectory/droidsansthai/builds/build/DroidSansThai-Bold.ttf
bakery_lint.tests.downstream.test_check_font_tables.CheckFontHasDsigTable.test_check_font_has_dsig_table(): OK
bakery_lint.tests.downstream.test_check_font_tables.CheckFontHasNotKernTable.test_no_kern_table_exists(): OK
bakery_lint.tests.downstream.test_check_font_agreements.CheckFsTypeIsNotSet.test_is_fstype_not_set(): FAIL
$ fontbakery-fix-fstype.py --autofix /home/travis/build/fontdirectory/droidsansthai/builds/build/DroidSansThai-Bold.ttf
$ mv /home/travis/build/fontdirectory/droidsansthai/builds/build/DroidSansThai-Bold.ttf.fix /home/travis/build/fontdirectory/droidsansthai/builds/build/DroidSansThai-Bold.ttf
bakery_lint.tests.downstream.test_check_font_agreements.CheckFsTypeIsNotSet.test_is_fstype_not_set(): OK
$ fontbakery-fix-fstype.py --autofix /home/travis/build/fontdirectory/droidsansthai/builds/build/DroidSansThai-Bold.ttf
$ mv /home/travis/build/fontdirectory/droidsansthai/builds/build/DroidSansThai-Bold.ttf.fix /home/travis/build/fontdirectory/droidsansthai/builds/build/DroidSansThai-Bold.ttf
bakery_lint.tests.downstream.test_check_font_agreements.CheckFontAgreements.test_em_is_1000(): FAIL
bakery_lint.tests.downstream.test_check_font_agreements.CheckFontAgreements.test_file_is_font(): OK
bakery_lint.tests.downstream.test_check_font_agreements.CheckFontAgreements.test_font_is_font(): OK
bakery_lint.tests.downstream.test_check_font_agreements.CheckFontAgreements.test_latin_file_exists(): FAIL
### Optimize TTF DroidSansThai-Bold.ttf
$ ls -l 'DroidSansThai-Bold.ttf'* # look at the size savings of that subset process
DroidSansThai-Bold.ttf.opt: 26784 bytes
DroidSansThai-Bold.ttf: 28164 bytes
$ mv /home/travis/build/fontdirectory/droidsansthai/builds/build/DroidSansThai-Bold.ttf.opt /home/travis/build/fontdirectory/droidsansthai/builds/build/DroidSansThai-Bold.ttf
### Autohint TTFs (ttfautohint) DroidSansThai-Bold.ttf
$ ttfautohint -l 7 -r 28 -G 50 -x 13 -w "G" /home/travis/build/fontdirectory/droidsansthai/builds/build/DroidSansThai-Bold.ttf '/home/travis/build/fontdirectory/droidsansthai/builds/build/DroidSansThai-Bold.autohint.ttf'

Error: No glyph for a standard character to derive standard width and height.

Error: Please check the documentation for a list of script-specific standard characters,

Error: or use option `--symbol'.

Fatal: Exited with return code 1 

### Subset TTFs (pyftsubset) DroidSansThai-Bold.ttf
$ pyftsubset DroidSansThai-Bold.latin
$ pyftsubset DroidSansThai-Bold.menu
strippedname:/home/travis/build/fontdirectory/droidsansthai/builds/build/DroidSansThai-Bold.ttf
No nbsp glyph
spaceWidth is    532
nbspWidth is     0
DroidSansThai-Bold.ttf.fix made with spaceWidth and nbspWidth of 532
### (5 of 6) Generate METADATA.json (fontbakery-build-metadata.py)
$ fontbakery-build-metadata.py /home/travis/build/fontdirectory/droidsansthai/builds/build
{} exists
Designer's name from font is: Steve Matteson
Error: unpack requires a string argument of length 12
ERROR: BUILD FAILED
